<testsuites id="" name="" tests="8" failures="0" skipped="0" errors="0" time="6.9517430000000004">
<testsuite name="improved-app-debug.spec.ts" timestamp="2025-07-17T15:02:32.371Z" hostname="chromium-desktop" tests="8" failures="0" skipped="0" time="11.746" errors="0">
<testcase name="App Debug Analysis › should analyze React bundle loading" classname="improved-app-debug.spec.ts" time="1.433">
<system-out>
<![CDATA[Bundle script elements: [33m1[39m
React globally available: [33mfalse[39m
Expo modules available: [33mfalse[39m
Metro require function available: [33mtrue[39m
]]>
</system-out>
</testcase>
<testcase name="App Debug Analysis › should analyze font loading issues" classname="improved-app-debug.spec.ts" time="1.383">
<system-out>
<![CDATA[Font-related errors: []
Font faces loaded: [33m0[39m
FontAwesome available: [33mfalse[39m
]]>
</system-out>
</testcase>
<testcase name="App Debug Analysis › should analyze splash screen behavior" classname="improved-app-debug.spec.ts" time="4.045">
<system-out>
<![CDATA[Initial body content length: [33m480[39m
Splash screen elements: [33m0[39m
App root content length: [33m0[39m
Expo splash screen module available: [33mfalse[39m
]]>
</system-out>
</testcase>
<testcase name="App Debug Analysis › should analyze React component mounting" classname="improved-app-debug.spec.ts" time="1.386">
<system-out>
<![CDATA[React root analysis: { exists: [33mtrue[39m, hasChildren: [33mfalse[39m, innerHTML: [32m''[39m, childNodes: [33m0[39m }
React-related errors: []
React components mounted: [33mfalse[39m
]]>
</system-out>
</testcase>
<testcase name="App Debug Analysis › should analyze JavaScript execution flow" classname="improved-app-debug.spec.ts" time="0.925">
<system-out>
<![CDATA[All console logs: [
  [32m'[info] %cDownload the React DevTools for a better development experience: https://react.dev/link/react-devtools font-weight:bold'[39m
]
All JavaScript errors: [
  [32m"Page Error: Cannot read properties of undefined (reading 'default')"[39m
]
Undefined-related errors: [
  [32m"Page Error: Cannot read properties of undefined (reading 'default')"[39m
]
Module loading errors: []
]]>
</system-out>
</testcase>
<testcase name="App Debug Analysis › should analyze network requests" classname="improved-app-debug.spec.ts" time="0.93">
<system-out>
<![CDATA[Network requests: [
  [32m'GET http://localhost:8081/'[39m,
  [32m'GET http://localhost:8081/node_modules/expo-router/entry.bundle?platform=web&dev=true&hot=false&lazy=true&transform.engine=hermes&transform.routerRoot=app&unstable_transformProfile=hermes-stable'[39m
]
Network responses: [
  [32m'200 http://localhost:8081/'[39m,
  [32m'200 http://localhost:8081/node_modules/expo-router/entry.bundle?platform=web&dev=true&hot=false&lazy=true&transform.engine=hermes&transform.routerRoot=app&unstable_transformProfile=hermes-stable'[39m
]
Failed requests: []
Bundle requests: [
  [32m'GET http://localhost:8081/node_modules/expo-router/entry.bundle?platform=web&dev=true&hot=false&lazy=true&transform.engine=hermes&transform.routerRoot=app&unstable_transformProfile=hermes-stable'[39m
]
]]>
</system-out>
</testcase>
<testcase name="App Debug Analysis › should analyze development vs production behavior" classname="improved-app-debug.spec.ts" time="0.891">
<system-out>
<![CDATA[Development mode: [33mtrue[39m
Metro bundler info: { bundleStartTime: [33m1752764554614[39m, devMode: [33mtrue[39m, metroPrefix: [32m''[39m }
HMR available: [33mtrue[39m
]]>
</system-out>
</testcase>
<testcase name="App Debug Analysis › should provide fix recommendations" classname="improved-app-debug.spec.ts" time="0.753">
<system-out>
<![CDATA[Recommendations: [ [32m'Fix undefined property access - likely module import issue'[39m ]
Final recommendations: [
  [32m'Fix undefined property access - likely module import issue'[39m,
  [32m'React root is empty - check component mounting and initialization'[39m
]
]]>
</system-out>
</testcase>
</testsuite>
</testsuites>